[html.medhati.com/trendy/star-2.html]
[backblue.gif]
[fade.gif]
[index.html]
[html.medhati.com/trendy/assets/img/favicon.ico]
[html.medhati.com/trendy/assets/img/apple-touch-icon.png]
[html.medhati.com/trendy/assets/css/bootstrap.css]
[html.medhati.com/trendy/assets/css/scroll.css]
[html.medhati.com/trendy/assets/css/animate.css]
[html.medhati.com/trendy/assets/css/lightbox/lightbox.css]
[html.medhati.com/trendy/assets/css/style.css]
[html.medhati.com/trendy/assets/css/skin.css]
[html.medhati.com/trendy/assets/css/fa.css]
[html.medhati.com/trendy/assets/css/ti.css]
[html.medhati.com/trendy/assets/img/logo.png]
[html.medhati.com/trendy/assets/img/tm1.jpg]
[html.medhati.com/trendy/assets/img/tm2.jpg]
[html.medhati.com/trendy/assets/img/work1.jpg]
[html.medhati.com/trendy/assets/img/work2.jpg]
[html.medhati.com/trendy/assets/img/work4.jpg]
[html.medhati.com/trendy/assets/img/notify.jpg]
[html.medhati.com/trendy/assets/js/lib/bootstrap.js]
[html.medhati.com/trendy/assets/js/lib/jquery.js]
[html.medhati.com/trendy/assets/js/lib/map.js]
[html.medhati.com/trendy/assets/js/lib/plugin.js]
[html.medhati.com/trendy/assets/js/lib/star.js]
[html.medhati.com/trendy/star-2.html]
[html.medhati.com/trendy/assets/css/bootstrap.css]
[html.medhati.com/trendy/assets/css/scroll.css]
[html.medhati.com/trendy/assets/css/animate.css]
[html.medhati.com/trendy/assets/css/lightbox/loading.gif]
[html.medhati.com/trendy/assets/css/lightbox/lightbox.css]
[html.medhati.com/trendy/assets/img/image.jpg]
[html.medhati.com/trendy/assets/img/pattern.png]
[html.medhati.com/trendy/assets/media/video.jpg]
[html.medhati.com/trendy/assets/media/youtube.jpg]
[html.medhati.com/trendy/assets/img/snow.jpg]
[html.medhati.com/trendy/assets/img/star.jpg]
[html.medhati.com/trendy/assets/img/magnet.jpg]
[html.medhati.com/trendy/assets/img/bubble.jpg]
[html.medhati.com/trendy/assets/img/cloud.jpg]
[html.medhati.com/trendy/assets/fonts/medhati.eot]
[html.medhati.com/trendy/assets/fonts/medhati.woff]
[html.medhati.com/trendy/assets/fonts/medhati.ttf]
[html.medhati.com/trendy/assets/css/style.css]
[html.medhati.com/trendy/assets/css/skin.css]
[html.medhati.com/trendy/assets/fonts/medhatid41d.eot]
[html.medhati.com/trendy/assets/fonts/fontawesome-webfont3e6e.eot]
[html.medhati.com/trendy/assets/fonts/fontawesome-webfontd41d.eot]
[html.medhati.com/trendy/assets/fonts/fontawesome-webfont3e6e.woff2]
[html.medhati.com/trendy/assets/fonts/fontawesome-webfont3e6e.woff]
[html.medhati.com/trendy/assets/fonts/fontawesome-webfont3e6e.ttf]
[html.medhati.com/trendy/assets/css/fa.css]
[html.medhati.com/trendy/assets/fonts/fontawesome-webfont3e6e.svg]
[html.medhati.com/trendy/assets/fonts/themify9f24.eot]
[html.medhati.com/trendy/assets/fonts/themifyd41d.eot]
[html.medhati.com/trendy/assets/fonts/themify9f24.woff]
[html.medhati.com/trendy/assets/css/ti.css]
[html.medhati.com/trendy/assets/fonts/glyphicons-halflings-regular.html]
[html.medhati.com/trendy/assets/fonts/glyphicons-halflings-regulard41d.html]
[html.medhati.com/trendy/assets/fonts/glyphicons-halflings-regular-2.html]
[html.medhati.com/trendy/assets/fonts/glyphicons-halflings-regular-3.html]
[html.medhati.com/trendy/assets/fonts/glyphicons-halflings-regular-4.html]
[html.medhati.com/trendy/assets/fonts/glyphicons-halflings-regular-5.html]
[html.medhati.com/trendy/assets/css/mCSB_buttons.html]
[html.medhati.com/trendy/assets/fonts/themify9f24.svg]
[html.medhati.com/trendy/assets/fonts/fontawesome-webfont3e6e.svg]
[html.medhati.com/trendy/assets/fonts/themify9f24.ttf]
[html.medhati.com/trendy/assets/img/work3.jpg]
[html.medhati.com/trendy/assets/js/main.js]
[html.medhati.com/trendy/assets/fonts/themify9f24.svg]
[html.medhati.com/trendy/assets/fonts/medhati.svg]
[html.medhati.com/trendy/assets/fonts/medhati.svg]
